// Vitest Snapshot v1, https://vitest.dev/guide/snapshot.html

exports[`<Input /> > renders component correctly 1`] = `
<div>
  <input
    class="sc-bRKDuR jFnLXe"
    value="default value"
  />
</div>
`;
