// Vitest Snapshot v1, https://vitest.dev/guide/snapshot.html

exports[`<App /> > renders component correctly 1`] = `
<div>
  <div
    class="sc-jJLAfE cOBZuh"
  >
    <div
      class="sc-hwkwBN hFfQND"
    >
      <div
        class="sc-hjsuWn eDDHQy"
        data-testid="toDoList"
      />
      <div
        class="sc-ggWZvA loKauX"
      >
        <input
          class="sc-fhHczv hdDvIH"
          placeholder="할 일을 입력해 주세요."
          value=""
        />
        <button
          class="sc-bRKDuR izUgMv"
        >
          <div
            class="sc-hvigdm WvKZY"
          >
            추가
          </div>
        </button>
      </div>
    </div>
  </div>
</div>
`;
